Assertion failed: (r.ok), function test_move_valid, file test_game_state.cpp, line 45.
Running GameState unit tests...
  test_starting_cities... OK
  test_move_valid... 